bash: ./gradlew: No such file or directory
EXIT CODE: 127
